[lms.kyonggi.ac.kr/login.html]
[backblue.gif]
[fade.gif]
[index.html]
[lms.kyonggi.ac.kr/theme/image.php/coursemosv2/theme/1693408461/favicon.ico]
[lms.kyonggi.ac.kr/theme/combo77f0]
[lms.kyonggi.ac.kr/theme/styles.php/coursemosv2/1693408461/styles.php]
[lms.kyonggi.ac.kr/theme/comboc807]
[lms.kyonggi.ac.kr/theme/jquery.php/core/jquery-1.11.2.min.js]
[lms.kyonggi.ac.kr/theme/jquery.php/core/ui-1.12.1/jquery-ui.min.js]
[lms.kyonggi.ac.kr/theme/jquery.php/theme_coursemosv2/bootstrap.min.js]
[lms.kyonggi.ac.kr/theme/jquery.php/theme_coursemosv2/jquery.cookie.js]
[lms.kyonggi.ac.kr/theme/jquery.php/theme_coursemosv2/jquery.validate.min.js]
[lms.kyonggi.ac.kr/theme/jquery.php/theme_coursemosv2/jquery.validate.methods.js]
[lms.kyonggi.ac.kr/theme/jquery.php/theme_coursemosv2/jquery.tableHeadFixer.js]
[lms.kyonggi.ac.kr/theme/jquery.php/theme_coursemosv2/bootstrap-datepicker.js]
[lms.kyonggi.ac.kr/theme/jquery.php/theme_coursemosv2/jquery-sortable.js]
[lms.kyonggi.ac.kr/theme/jquery.php/theme_coursemosv2/moment.min.js]
[lms.kyonggi.ac.kr/theme/jquery.php/theme_coursemosv2/gcal.js]
[lms.kyonggi.ac.kr/theme/jquery.php/theme_coursemosv2/fullcalendar.js]
[lms.kyonggi.ac.kr/theme/jquery.php/theme_coursemosv2/jquery.filedownload.js]
[lms.kyonggi.ac.kr/theme/jquery.php/theme_coursemosv2/timer.jquery.js]
[lms.kyonggi.ac.kr/theme/jquery.php/theme_coursemosv2/jquery.validate.en.js]
[lms.kyonggi.ac.kr/theme/jquery.php/theme_coursemosv2/jquery.mCustomScrollbar.concat.min.js]
[lms.kyonggi.ac.kr/theme/jquery.php/theme_coursemosv2/jquery.headroom.min.js]
[lms.kyonggi.ac.kr/lib/javascript.php/1693408461/lib/javascript.php]
[lms.kyonggi.ac.kr/theme/javascript.php/coursemosv2/1693408461/javascript.php]
[lms.kyonggi.ac.kr/theme/coursemosv2/jquery/jquery.dotdotdot.min.js]
[lms.kyonggi.ac.kr/mod/ubboard/view681a.php]
[lms.kyonggi.ac.kr/mod/ubboard/view0b30.php]
[lms.kyonggi.ac.kr/login/register_agree.html]
[lms.kyonggi.ac.kr/login/forgot_password.html]
[lms.kyonggi.ac.kr/login9ed2.html]
[lms.kyonggi.ac.kr/theme/image.php/coursemosv2/theme_coursemosv2/1693408461/flag/en.png]
[lms.kyonggi.ac.kr/login7542.html]
[lms.kyonggi.ac.kr/theme/image.php/coursemosv2/theme_coursemosv2/1693408461/flag/ko.png]
[lms.kyonggi.ac.kr/loginbc36.html]
[lms.kyonggi.ac.kr/theme/image.php/coursemosv2/theme_coursemosv2/1693408461/flag/zh_cn.png]
[lms.kyonggi.ac.kr/mod/ubboard/article7ede.php]
[lms.kyonggi.ac.kr/mod/ubboard/articlef6e7.php]
[lms.kyonggi.ac.kr/mod/ubboard/articlec79d.php]
[lms.kyonggi.ac.kr/mod/ubboard/article376f.php]
[lms.kyonggi.ac.kr/mod/ubboard/articlec747.php]
[lms.kyonggi.ac.kr/mod/ubboard/viewd708.php]
[lms.kyonggi.ac.kr/local/ubonline/intro.html]
[lms.kyonggi.ac.kr/local/ubion/manual/index.html]
[lms.kyonggi.ac.kr/lib/javascript.php/1693408461/lib/requirejs/javascript.php]
[lms.kyonggi.ac.kr/media/player/videojs/videojs/video-js.swf]
[lms.kyonggi.ac.kr/theme/javascript.php/coursemosv2/1693408461/javascript-2.php]
[lms.kyonggi.ac.kr/login.html]
[lms.kyonggi.ac.kr/theme/sprite_icons488d.png]
[lms.kyonggi.ac.kr/theme/combo77f0]
[lms.kyonggi.ac.kr/theme/image.php/coursemosv2/qtype_ddmarker/1693408461/grid.png]
[lms.kyonggi.ac.kr/theme/image.php/coursemosv2/core/1693408461/i/loading_small.gif]
[lms.kyonggi.ac.kr/mod/econtents/pix/viewer-close.png]
[lms.kyonggi.ac.kr/mod/econtents/pix/upload_icon.png]
[lms.kyonggi.ac.kr/theme/image.php/coursemosv2/quiz/1693408461/navflagged.png]
[lms.kyonggi.ac.kr/mod/vod/pix/layer/viewer-close.png]
[lms.kyonggi.ac.kr/mod/vod/pix/layer/vod_upload_icon.png]
[lms.kyonggi.ac.kr/mod/vod/pix/layer/order_bar.png]
[lms.kyonggi.ac.kr/mod/vod/pix/layer/exclamation.png]
[lms.kyonggi.ac.kr/mod/vod/pix/fileupload/bg_rgt_upload.gif]
[lms.kyonggi.ac.kr/mod/wiki/pix/attachment.png]
[lms.kyonggi.ac.kr/theme/image.php/coursemosv2/block_admin_presets/1693408461/check0.gif]
[lms.kyonggi.ac.kr/theme/image.php/coursemosv2/block_admin_presets/1693408461/check1.gif]
[lms.kyonggi.ac.kr/theme/image.php/coursemosv2/block_admin_presets/1693408461/check2.gif]
[lms.kyonggi.ac.kr/theme/image.php/coursemosv2/core/1693408461/i/star-rating.png]
[lms.kyonggi.ac.kr/theme/font.php/coursemosv2/media_videojs/1693408461/VideoJS.eot]
[lms.kyonggi.ac.kr/theme/styles.php/coursemosv2/1693408461/styles.php]
[lms.kyonggi.ac.kr/theme/coursemosv2/pix/login/loginpage_1.jpg]
[lms.kyonggi.ac.kr/theme/coursemosv2/pix/login/loginpage_2.jpg]
[lms.kyonggi.ac.kr/errorpage/error.html]
[lms.kyonggi.ac.kr/theme/coursemosv2/pix/login/slogan_bg.png]
[lms.kyonggi.ac.kr/theme/coursemosv2/pix/login/logo.png]
[lms.kyonggi.ac.kr/theme/coursemosv2/pix/login/sns_fb.png]
[lms.kyonggi.ac.kr/theme/coursemosv2/pix/login/sns_twit.png]
[lms.kyonggi.ac.kr/theme/coursemosv2/pix/login/main_icon01.png]
[lms.kyonggi.ac.kr/theme/coursemosv2/pix/login/main_icon02.png]
[lms.kyonggi.ac.kr/theme/coursemosv2/pix/login/main_icon03.png]
[lms.kyonggi.ac.kr/theme/coursemosv2/pix/login/main_icon04.png]
[lms.kyonggi.ac.kr/theme/coursemosv2/pix/login/main_icon01_s.png]
[lms.kyonggi.ac.kr/theme/coursemosv2/pix/login/main_icon02_s.png]
[lms.kyonggi.ac.kr/theme/coursemosv2/pix/login/main_icon03_s.png]
[lms.kyonggi.ac.kr/theme/coursemosv2/pix/login/main_icon04_s.png]
[lms.kyonggi.ac.kr/theme/coursemosv2/pix/login/main_icon05_s.png]
[lms.kyonggi.ac.kr/theme/coursemosv2/pix/login/main_icon06_s.png]
[lms.kyonggi.ac.kr/theme/coursemosv2/pix/layout/logo.png]
[lms.kyonggi.ac.kr/theme/coursemosv2/pix/login/login-form-close.png]
[lms.kyonggi.ac.kr/theme/coursemosv2/style/main_login.css]
[lms.kyonggi.ac.kr/mod/ubboard/view681a.html]
[lms.kyonggi.ac.kr/mod/ubboard/view0b30.html]
[lms.kyonggi.ac.kr/login/index.php]
[lms.kyonggi.ac.kr/theme/image.php/coursemosv2/theme_coursemosv2/1693408461/layout/course-home.png]
[lms.kyonggi.ac.kr/index.html]
[lms.kyonggi.ac.kr/theme/image.php/coursemosv2/theme_coursemosv2/1693408461/ajax-loader.gif]
[lms.kyonggi.ac.kr/lib/javascript.php/1693408461/login/javascript.php]
[lms.kyonggi.ac.kr/login/register_agree.html]
[lms.kyonggi.ac.kr/login/index.php]
[lms.kyonggi.ac.kr/login/forgot_password.html]
[lms.kyonggi.ac.kr/login9ed2.html]
[lms.kyonggi.ac.kr/theme/jquery.php/theme_coursemosv2/jquery.validate.ko.js]
[lms.kyonggi.ac.kr/theme/jquery.php/theme_coursemosv2/bootstrap-datepicker.kr.min.js]
[lms.kyonggi.ac.kr/theme/jquery.php/theme_coursemosv2/fullcalendar/ko.js]
[lms.kyonggi.ac.kr/login7542.html]
[lms.kyonggi.ac.kr/loginbc36.html]
[lms.kyonggi.ac.kr/mod/ubboard/article7ede.html]
[lms.kyonggi.ac.kr/mod/ubboard/articlef6e7.html]
[lms.kyonggi.ac.kr/mod/ubboard/articlec79d.html]
[lms.kyonggi.ac.kr/mod/ubboard/article376f.html]
[lms.kyonggi.ac.kr/mod/ubboard/articlec747.html]
[lms.kyonggi.ac.kr/mod/ubboard/viewd708.html]
[lms.kyonggi.ac.kr/login/index.php]
[lms.kyonggi.ac.kr/user/files.php]
[lms.kyonggi.ac.kr/login/index.php]
[lms.kyonggi.ac.kr/mod/ubboard/my.php]
[lms.kyonggi.ac.kr/login/index.php]
[lms.kyonggi.ac.kr/user/editff5d.php]
[lms.kyonggi.ac.kr/user/user_edit6ddd.php]
[lms.kyonggi.ac.kr/login/index.php]
[lms.kyonggi.ac.kr/local/ubassistant/irregular.html]
[lms.kyonggi.ac.kr/local/ubion/user/index.html]
[lms.kyonggi.ac.kr/local/ubassistant/index.html]
[lms.kyonggi.ac.kr/local/ubonline/my.77.delayed]
[lms.kyonggi.ac.kr/local/ubonline/index.html]
[lms.kyonggi.ac.kr/login/index.php]
[lms.kyonggi.ac.kr/local/ubonline/history.php]
[lms.kyonggi.ac.kr/login/index.php]
[lms.kyonggi.ac.kr/mod/ubboard/view0c57.php]
[lms.kyonggi.ac.kr/local/ubeclass/my.php]
[lms.kyonggi.ac.kr/login/index.php]
[lms.kyonggi.ac.kr/local/ubion/manual/contents/manual_f/ProfessorMiniGuide.pdf]
[lms.kyonggi.ac.kr/local/ubmessage/index.html]
[lms.kyonggi.ac.kr/local/ubion/manual/contents/manual_f/1.Introduction.pdf]
[lms.kyonggi.ac.kr/theme/image.php/coursemosv2/local_ubion/1693408461/manual/manual_pdf.png]
[lms.kyonggi.ac.kr/local/ubion/manual/contents/manual_f/2.CourseManagement.pdf]
[lms.kyonggi.ac.kr/local/ubion/manual/contents/manual_f/3.CourseResource.pdf]
[lms.kyonggi.ac.kr/local/ubion/manual/contents/manual_f/4.CourseActivity.pdf]
[lms.kyonggi.ac.kr/local/ubion/manual/contents/manual_f/5.RegistrationTeamProject.pdf]
[lms.kyonggi.ac.kr/local/ubion/manual/contents/manual_f/6.TeamProjectActivity.pdf]
[lms.kyonggi.ac.kr/local/ubion/manual/contents/manual_f/7.ManagemetStudent.pdf]
[lms.kyonggi.ac.kr/local/ubion/manual/contents/manual_s/1.Introduction.pdf]
[lms.kyonggi.ac.kr/local/ubion/manual/contents/manual_s/2.Workshop.pdf]
[lms.kyonggi.ac.kr/lib/javascript.php/1693408461/local/ubion/manual/javascript.php]
[lms.kyonggi.ac.kr/local/ubion/manual/index.html]
[lms.kyonggi.ac.kr/login/index.php]
[lms.kyonggi.ac.kr/user/files.php]
[lms.kyonggi.ac.kr/login/index.php]
[lms.kyonggi.ac.kr/mod/ubboard/my.php]
[lms.kyonggi.ac.kr/login/index.php]
[lms.kyonggi.ac.kr/user/editff5d.php]
[lms.kyonggi.ac.kr/user/user_edit6ddd.php]
[lms.kyonggi.ac.kr/login/index.php]
[lms.kyonggi.ac.kr/login/index.php]
[lms.kyonggi.ac.kr/local/ubonline/history.php]
[lms.kyonggi.ac.kr/login/index.php]
[lms.kyonggi.ac.kr/local/ubeclass/my.php]
[lms.kyonggi.ac.kr/login/index.php]
[lms.kyonggi.ac.kr/theme/image.php/coursemosv2/core/1693408461/t/switch_minus.png]
[lms.kyonggi.ac.kr/theme/image.php/coursemosv2/core/1693408461/t/switch_plus.png]
[lms.kyonggi.ac.kr/local/ubonline/index-2.html]
[lms.kyonggi.ac.kr/login/index.php]
[lms.kyonggi.ac.kr/local/ubonline/history.php]
[lms.kyonggi.ac.kr/login/index.php]
[lms.kyonggi.ac.kr/login/index.php]
[lms.kyonggi.ac.kr/local/ubonline/intro.html]
[lms.kyonggi.ac.kr/theme/styles.php/coursemosv2/1693408461/x.html]
[lms.kyonggi.ac.kr/theme/image.php/coursemosv2/core/1693408461/t/expanded.svg]
[lms.kyonggi.ac.kr/theme/image.php/coursemosv2/core/1693408461/t/collapsed.svg]
[lms.kyonggi.ac.kr/theme/image.php/coursemosv2/mod_forum/1693408461/t/subscribed.svg]
[lms.kyonggi.ac.kr/theme/image.php/coursemosv2/mod_forum/1693408461/t/unsubscribed.svg]
[lms.kyonggi.ac.kr/theme/image.php/coursemosv2/core/1693408461/t/print.svg]
[lms.kyonggi.ac.kr/theme/image.php/coursemosv2/mod_workshop/1693408461/userplan/task-todo.svg]
[lms.kyonggi.ac.kr/theme/image.php/coursemosv2/mod_workshop/1693408461/userplan/task-done.svg]
[lms.kyonggi.ac.kr/theme/image.php/coursemosv2/mod_workshop/1693408461/userplan/task-fail.svg]
[lms.kyonggi.ac.kr/theme/image.php/coursemosv2/mod_workshop/1693408461/userplan/task-info.svg]
[lms.kyonggi.ac.kr/theme/image.php/coursemosv2/core/1693408461/t/collapsed_empty.svg]
[lms.kyonggi.ac.kr/errorpage/error.html]
[lms.kyonggi.ac.kr/login/index.php]
[lms.kyonggi.ac.kr/login/index.php]
[lms.kyonggi.ac.kr/index.html]
[lms.kyonggi.ac.kr/local/ubion/manual/styles.css]
[lms.kyonggi.ac.kr/login/index.php]
[lms.kyonggi.ac.kr/login/index.php]
[lms.kyonggi.ac.kr/local/ubion/user/index.html]
[lms.kyonggi.ac.kr/login/index.php]
[lms.kyonggi.ac.kr/login/index.php]
[lms.kyonggi.ac.kr/local/ubassistant/index.html]
[lms.kyonggi.ac.kr/login/index.php]
[lms.kyonggi.ac.kr/user/files.php]
[lms.kyonggi.ac.kr/login/index.php]
[lms.kyonggi.ac.kr/mod/ubboard/my.php]
[lms.kyonggi.ac.kr/login/index.php]
[lms.kyonggi.ac.kr/user/editff5d.php]
[lms.kyonggi.ac.kr/user/user_edit6ddd.php]
[lms.kyonggi.ac.kr/login/index.php]
[lms.kyonggi.ac.kr/login/index.php]
[lms.kyonggi.ac.kr/local/ubonline/history.php]
[lms.kyonggi.ac.kr/login/index.php]
[lms.kyonggi.ac.kr/local/ubeclass/my.php]
[lms.kyonggi.ac.kr/login/index.php]
[lms.kyonggi.ac.kr/local/ubassistant/irregular.html]
[lms.kyonggi.ac.kr/login/index.php]
[lms.kyonggi.ac.kr/user/files.php]
[lms.kyonggi.ac.kr/login/index.php]
[lms.kyonggi.ac.kr/mod/ubboard/my.php]
[lms.kyonggi.ac.kr/login/index.php]
[lms.kyonggi.ac.kr/user/editff5d.php]
[lms.kyonggi.ac.kr/user/user_edit6ddd.php]
[lms.kyonggi.ac.kr/login/index.php]
[lms.kyonggi.ac.kr/login/index.php]
[lms.kyonggi.ac.kr/local/ubonline/history.php]
[lms.kyonggi.ac.kr/login/index.php]
[lms.kyonggi.ac.kr/local/ubeclass/my.php]
[lms.kyonggi.ac.kr/login/index.php]
[lms.kyonggi.ac.kr/login/index.php]
[lms.kyonggi.ac.kr/local/ubonline/history.php]
[lms.kyonggi.ac.kr/login/index.php]
[lms.kyonggi.ac.kr/local/ubonline/course_view4204.html]
[lms.kyonggi.ac.kr/local/ubonline/indexfe6e.html]
[lms.kyonggi.ac.kr/theme/image.php/coursemosv2/local_ubonline/1693408461/default_image_220.png]
[lms.kyonggi.ac.kr/local/ubonline/course_view83e5.html]
[lms.kyonggi.ac.kr/pluginfile.php/1075254/course/overviewfiles/2023-2학기 온라인 교수법 특강_썸네일(LMS).jpg]
[lms.kyonggi.ac.kr/local/ubonline/course_view9289.html]
[lms.kyonggi.ac.kr/local/ubonline/course_viewed82.html]
[lms.kyonggi.ac.kr/local/ubonline/course_view3e08.html]
[lms.kyonggi.ac.kr/pluginfile.php/1057061/course/overviewfiles/2023 생명윤리(IRB) 교육 표지.jpg]
[lms.kyonggi.ac.kr/local/ubonline/course_viewc206.html]
[lms.kyonggi.ac.kr/pluginfile.php/1049830/course/overviewfiles/현장실습학기제 사전교육 타이틀.png]
[lms.kyonggi.ac.kr/lib/javascript.php/1693408461/theme/coursemosv2/jquery/javascript.php]
[lms.kyonggi.ac.kr/local/ubonline/index.html]
[lms.kyonggi.ac.kr/mod/ubboard/view0c57.html]
[lms.kyonggi.ac.kr/login/index.php]
[lms.kyonggi.ac.kr/login/index.php]
[lms.kyonggi.ac.kr/local/ubmessage/index.html]
[lms.kyonggi.ac.kr/login/index.php]
[lms.kyonggi.ac.kr/user/files.php]
[lms.kyonggi.ac.kr/login/index.php]
[lms.kyonggi.ac.kr/mod/ubboard/my.php]
[lms.kyonggi.ac.kr/login/index.php]
[lms.kyonggi.ac.kr/user/editff5d.php]
[lms.kyonggi.ac.kr/user/user_edit6ddd.php]
[lms.kyonggi.ac.kr/login/index.php]
[lms.kyonggi.ac.kr/login/index.php]
[lms.kyonggi.ac.kr/local/ubonline/history.php]
[lms.kyonggi.ac.kr/login/index.php]
[lms.kyonggi.ac.kr/local/ubeclass/my.php]
[lms.kyonggi.ac.kr/login/index.php]
[lms.kyonggi.ac.kr/login/index.php]
[lms.kyonggi.ac.kr/local/ubonline/history.php]
[lms.kyonggi.ac.kr/login/index.php]
[lms.kyonggi.ac.kr/local/ubonline/course_viewa70e.html]
[lms.kyonggi.ac.kr/local/ubonline/course_viewa69b.html]
[lms.kyonggi.ac.kr/local/ubonline/course_viewf324.html]
[lms.kyonggi.ac.kr/local/ubonline/course_view0b94.html]
[lms.kyonggi.ac.kr/local/ubonline/course_viewecc6.html]
[lms.kyonggi.ac.kr/local/ubonline/course_view5ecc.html]
[lms.kyonggi.ac.kr/local/ubonline/index-2.html]
[lms.kyonggi.ac.kr/login/index.php]
[lms.kyonggi.ac.kr/user/files.php]
[lms.kyonggi.ac.kr/login/index.php]
[lms.kyonggi.ac.kr/mod/ubboard/my.php]
[lms.kyonggi.ac.kr/login/index.php]
[lms.kyonggi.ac.kr/user/editff5d.php]
[lms.kyonggi.ac.kr/user/user_edit6ddd.php]
[lms.kyonggi.ac.kr/login/index.php]
[lms.kyonggi.ac.kr/login/index.php]
[lms.kyonggi.ac.kr/local/ubonline/history.php]
[lms.kyonggi.ac.kr/login/index.php]
[lms.kyonggi.ac.kr/local/ubeclass/my.php]
[lms.kyonggi.ac.kr/login/index.php]
[lms.kyonggi.ac.kr/login/index.php]
[lms.kyonggi.ac.kr/local/ubonline/history.php]
[lms.kyonggi.ac.kr/login/index.php]
[lms.kyonggi.ac.kr/local/ubonline/course_view700f.html]
[lms.kyonggi.ac.kr/local/ubonline/course_view497e.html]
[lms.kyonggi.ac.kr/local/ubonline/course_view4b8e.html]
[lms.kyonggi.ac.kr/local/ubonline/course_viewea20.html]
[lms.kyonggi.ac.kr/local/ubonline/course_view8d63.html]
[lms.kyonggi.ac.kr/local/ubonline/course_viewe330.html]
[lms.kyonggi.ac.kr/local/ubonline/indexfe6e.html]
[lms.kyonggi.ac.kr/login/index.php]
[lms.kyonggi.ac.kr/user/files.php]
[lms.kyonggi.ac.kr/login/index.php]
[lms.kyonggi.ac.kr/mod/ubboard/my.php]
[lms.kyonggi.ac.kr/login/index.php]
[lms.kyonggi.ac.kr/user/editff5d.php]
[lms.kyonggi.ac.kr/user/user_edit6ddd.php]
[lms.kyonggi.ac.kr/login/index.php]
[lms.kyonggi.ac.kr/login/index.php]
[lms.kyonggi.ac.kr/local/ubonline/history.php]
[lms.kyonggi.ac.kr/login/index.php]
[lms.kyonggi.ac.kr/local/ubeclass/my.php]
[lms.kyonggi.ac.kr/login/index.php]
[lms.kyonggi.ac.kr/login/index.php]
[lms.kyonggi.ac.kr/local/ubonline/history.php]
[lms.kyonggi.ac.kr/login/index.php]
[lms.kyonggi.ac.kr/local/ubonline/course_view8df0.html]
[lms.kyonggi.ac.kr/theme/image.php/coursemosv2/local_ubonline/1693408461/default_image_290.png]
[lms.kyonggi.ac.kr/pluginfile.php/220375/user/icon/coursemosv2/f1f012.png]
[lms.kyonggi.ac.kr/local/ubmessage/messagedb56.php]
[lms.kyonggi.ac.kr/login/index.php]
[lms.kyonggi.ac.kr/local/ubonline/course_view4204.html]
[lms.kyonggi.ac.kr/login/index.php]
[lms.kyonggi.ac.kr/user/files.php]
[lms.kyonggi.ac.kr/login/index.php]
[lms.kyonggi.ac.kr/mod/ubboard/my.php]
[lms.kyonggi.ac.kr/login/index.php]
[lms.kyonggi.ac.kr/user/editff5d.php]
[lms.kyonggi.ac.kr/user/user_edit6ddd.php]
[lms.kyonggi.ac.kr/login/index.php]
[lms.kyonggi.ac.kr/login/index.php]
[lms.kyonggi.ac.kr/local/ubonline/history.php]
[lms.kyonggi.ac.kr/login/index.php]
[lms.kyonggi.ac.kr/local/ubeclass/my.php]
[lms.kyonggi.ac.kr/login/index.php]
[lms.kyonggi.ac.kr/login/index.php]
[lms.kyonggi.ac.kr/local/ubonline/history.php]
[lms.kyonggi.ac.kr/login/index.php]
[lms.kyonggi.ac.kr/local/ubonline/course_viewb28f.html]
[lms.kyonggi.ac.kr/local/ubion/Asite/lib/3422094223_1694567141_48184600b72f.png]
[lms.kyonggi.ac.kr/local/ubonline/course_view83e5.html]
[lms.kyonggi.ac.kr/login/index.php]
[lms.kyonggi.ac.kr/user/files.php]
[lms.kyonggi.ac.kr/login/index.php]
[lms.kyonggi.ac.kr/mod/ubboard/my.php]
[lms.kyonggi.ac.kr/login/index.php]
[lms.kyonggi.ac.kr/user/editff5d.php]
[lms.kyonggi.ac.kr/user/user_edit6ddd.php]
[lms.kyonggi.ac.kr/login/index.php]
[lms.kyonggi.ac.kr/login/index.php]
[lms.kyonggi.ac.kr/local/ubonline/history.139.delayed]
[lms.kyonggi.ac.kr/login/index.php]
[lms.kyonggi.ac.kr/local/ubeclass/my.php]
[lms.kyonggi.ac.kr/login/index.php]
[lms.kyonggi.ac.kr/login/index.php]
[lms.kyonggi.ac.kr/login/index.php]
[lms.kyonggi.ac.kr/local/ubonline/course_viewe0c5.html]
[lms.kyonggi.ac.kr/local/ubonline/course_view9289.html]
[lms.kyonggi.ac.kr/login/index.php]
[lms.kyonggi.ac.kr/user/files.php]
[lms.kyonggi.ac.kr/login/index.php]
[lms.kyonggi.ac.kr/mod/ubboard/my.php]
[lms.kyonggi.ac.kr/login/index.php]
[lms.kyonggi.ac.kr/user/editff5d.php]
[lms.kyonggi.ac.kr/user/user_edit6ddd.php]
[lms.kyonggi.ac.kr/login/index.php]
[lms.kyonggi.ac.kr/login/index.php]
[lms.kyonggi.ac.kr/login/index.php]
[lms.kyonggi.ac.kr/local/ubeclass/my.php]
[lms.kyonggi.ac.kr/login/index.php]
[lms.kyonggi.ac.kr/login/index.php]
[lms.kyonggi.ac.kr/login/index.php]
[lms.kyonggi.ac.kr/local/ubonline/course_view4798.html]
[lms.kyonggi.ac.kr/local/ubonline/course_viewed82.html]
[lms.kyonggi.ac.kr/login/index.php]
[lms.kyonggi.ac.kr/user/files.php]
[lms.kyonggi.ac.kr/login/index.php]
[lms.kyonggi.ac.kr/mod/ubboard/my.php]
[lms.kyonggi.ac.kr/login/index.php]
[lms.kyonggi.ac.kr/user/editff5d.php]
[lms.kyonggi.ac.kr/user/user_edit6ddd.php]
[lms.kyonggi.ac.kr/login/index.php]
[lms.kyonggi.ac.kr/login/index.php]
[lms.kyonggi.ac.kr/login/index.php]
[lms.kyonggi.ac.kr/local/ubeclass/my.php]
[lms.kyonggi.ac.kr/login/index.php]
[lms.kyonggi.ac.kr/login/index.php]
[lms.kyonggi.ac.kr/login/index.php]
[lms.kyonggi.ac.kr/local/ubonline/course_view687e.html]
[lms.kyonggi.ac.kr/local/ubonline/course_view3e08.html]
[lms.kyonggi.ac.kr/login/index.php]
[lms.kyonggi.ac.kr/user/files.php]
[lms.kyonggi.ac.kr/login/index.php]
[lms.kyonggi.ac.kr/mod/ubboard/my.php]
[lms.kyonggi.ac.kr/login/index.php]
[lms.kyonggi.ac.kr/user/editff5d.php]
[lms.kyonggi.ac.kr/user/user_edit6ddd.php]
[lms.kyonggi.ac.kr/login/index.php]
[lms.kyonggi.ac.kr/login/index.php]
[lms.kyonggi.ac.kr/login/index.php]
[lms.kyonggi.ac.kr/local/ubeclass/my.php]
[lms.kyonggi.ac.kr/login/index.php]
[lms.kyonggi.ac.kr/login/index.php]
[lms.kyonggi.ac.kr/login/index.php]
[lms.kyonggi.ac.kr/local/ubonline/course_view9a21.html]
[lms.kyonggi.ac.kr/theme/image.php/coursemosv2/core/1693408461/u/f1.png]
[lms.kyonggi.ac.kr/local/ubmessage/message857f.php]
[lms.kyonggi.ac.kr/login/index.php]
[lms.kyonggi.ac.kr/local/ubmessage/message8975.php]
[lms.kyonggi.ac.kr/login/index.php]
[lms.kyonggi.ac.kr/local/ubonline/course_viewc206.html]
[lms.kyonggi.ac.kr/login/index.php]
[lms.kyonggi.ac.kr/user/files.php]
[lms.kyonggi.ac.kr/login/index.php]
[lms.kyonggi.ac.kr/mod/ubboard/my.php]
[lms.kyonggi.ac.kr/login/index.php]
[lms.kyonggi.ac.kr/user/editff5d.php]
[lms.kyonggi.ac.kr/user/user_edit6ddd.php]
[lms.kyonggi.ac.kr/login/index.php]
[lms.kyonggi.ac.kr/login/index.php]
[lms.kyonggi.ac.kr/login/index.php]
[lms.kyonggi.ac.kr/local/ubeclass/my.php]
[lms.kyonggi.ac.kr/login/index.php]
[lms.kyonggi.ac.kr/login/index.php]
[lms.kyonggi.ac.kr/login/index.php]
[lms.kyonggi.ac.kr/local/ubmessage/messagedb56.php]
[lms.kyonggi.ac.kr/login/index.php]
[lms.kyonggi.ac.kr/local/ubonline/course_viewa70e.html]
[lms.kyonggi.ac.kr/login/index.php]
[lms.kyonggi.ac.kr/user/files.php]
[lms.kyonggi.ac.kr/login/index.php]
[lms.kyonggi.ac.kr/mod/ubboard/my.php]
[lms.kyonggi.ac.kr/login/index.php]
[lms.kyonggi.ac.kr/user/editff5d.php]
[lms.kyonggi.ac.kr/user/user_edit6ddd.php]
[lms.kyonggi.ac.kr/login/index.php]
[lms.kyonggi.ac.kr/login/index.php]
[lms.kyonggi.ac.kr/login/index.php]
[lms.kyonggi.ac.kr/local/ubeclass/my.php]
[lms.kyonggi.ac.kr/login/index.php]
[lms.kyonggi.ac.kr/login/index.php]
[lms.kyonggi.ac.kr/login/index.php]
[lms.kyonggi.ac.kr/local/ubonline/course_viewa69b.html]
[lms.kyonggi.ac.kr/login/index.php]
[lms.kyonggi.ac.kr/user/files.php]
[lms.kyonggi.ac.kr/login/index.php]
[lms.kyonggi.ac.kr/mod/ubboard/my.php]
[lms.kyonggi.ac.kr/login/index.php]
[lms.kyonggi.ac.kr/user/editff5d.php]
[lms.kyonggi.ac.kr/user/user_edit6ddd.php]
[lms.kyonggi.ac.kr/login/index.php]
[lms.kyonggi.ac.kr/login/index.php]
[lms.kyonggi.ac.kr/login/index.php]
[lms.kyonggi.ac.kr/local/ubeclass/my.php]
[lms.kyonggi.ac.kr/login/index.php]
[lms.kyonggi.ac.kr/login/index.php]
[lms.kyonggi.ac.kr/login/index.1b7.delayed]
[lms.kyonggi.ac.kr/local/ubonline/course_viewf324.html]
[lms.kyonggi.ac.kr/user/files.php]
[lms.kyonggi.ac.kr/mod/ubboard/my.php]
[lms.kyonggi.ac.kr/user/editff5d.php]
[lms.kyonggi.ac.kr/user/user_edit6ddd.php]
[lms.kyonggi.ac.kr/local/ubeclass/my.php]
[lms.kyonggi.ac.kr/local/ubonline/course_view0b94.html]
[lms.kyonggi.ac.kr/user/files.php]
[lms.kyonggi.ac.kr/mod/ubboard/my.php]
[lms.kyonggi.ac.kr/user/editff5d.php]
[lms.kyonggi.ac.kr/user/user_edit6ddd.php]
[lms.kyonggi.ac.kr/local/ubeclass/my.php]
[lms.kyonggi.ac.kr/local/ubonline/course_viewecc6.html]
[lms.kyonggi.ac.kr/user/files.php]
[lms.kyonggi.ac.kr/mod/ubboard/my.php]
[lms.kyonggi.ac.kr/user/editff5d.php]
[lms.kyonggi.ac.kr/user/user_edit6ddd.php]
[lms.kyonggi.ac.kr/local/ubeclass/my.php]
[lms.kyonggi.ac.kr/local/ubmessage/message857f.php]
[lms.kyonggi.ac.kr/local/ubmessage/message8975.php]
[lms.kyonggi.ac.kr/local/ubonline/course_view5ecc.html]
[lms.kyonggi.ac.kr/user/files.php]
[lms.kyonggi.ac.kr/mod/ubboard/my.php]
[lms.kyonggi.ac.kr/user/editff5d.php]
[lms.kyonggi.ac.kr/user/user_edit6ddd.php]
[lms.kyonggi.ac.kr/local/ubeclass/my.php]
[lms.kyonggi.ac.kr/local/ubmessage/messagedb56.php]
[lms.kyonggi.ac.kr/local/ubonline/course_view700f.html]
[lms.kyonggi.ac.kr/user/files.php]
[lms.kyonggi.ac.kr/mod/ubboard/my.php]
[lms.kyonggi.ac.kr/user/editff5d.php]
[lms.kyonggi.ac.kr/user/user_edit6ddd.php]
[lms.kyonggi.ac.kr/local/ubeclass/my.php]
[lms.kyonggi.ac.kr/local/ubonline/course_view497e.html]
[lms.kyonggi.ac.kr/user/files.php]
[lms.kyonggi.ac.kr/mod/ubboard/my.php]
[lms.kyonggi.ac.kr/user/editff5d.php]
[lms.kyonggi.ac.kr/user/user_edit6ddd.php]
[lms.kyonggi.ac.kr/local/ubeclass/my.php]
[lms.kyonggi.ac.kr/local/ubonline/course_view4b8e.html]
[lms.kyonggi.ac.kr/user/files.php]
[lms.kyonggi.ac.kr/mod/ubboard/my.php]
[lms.kyonggi.ac.kr/user/editff5d.php]
[lms.kyonggi.ac.kr/user/user_edit6ddd.php]
[lms.kyonggi.ac.kr/local/ubeclass/my.php]
[lms.kyonggi.ac.kr/local/ubonline/course_viewea20.html]
[lms.kyonggi.ac.kr/user/files.php]
[lms.kyonggi.ac.kr/mod/ubboard/my.php]
[lms.kyonggi.ac.kr/user/editff5d.php]
[lms.kyonggi.ac.kr/user/user_edit6ddd.php]
[lms.kyonggi.ac.kr/local/ubeclass/my.php]
[lms.kyonggi.ac.kr/local/ubonline/course_view8d63.html]
[lms.kyonggi.ac.kr/user/files.php]
[lms.kyonggi.ac.kr/mod/ubboard/my.php]
[lms.kyonggi.ac.kr/user/editff5d.php]
[lms.kyonggi.ac.kr/user/user_edit6ddd.php]
[lms.kyonggi.ac.kr/local/ubeclass/my.php]
[lms.kyonggi.ac.kr/local/ubmessage/message857f.php]
[lms.kyonggi.ac.kr/local/ubmessage/message8975.php]
[lms.kyonggi.ac.kr/local/ubonline/course_viewe330.html]
[lms.kyonggi.ac.kr/user/files.php]
[lms.kyonggi.ac.kr/mod/ubboard/my.php]
[lms.kyonggi.ac.kr/user/editff5d.php]
[lms.kyonggi.ac.kr/user/user_edit6ddd.php]
[lms.kyonggi.ac.kr/local/ubeclass/my.php]
[lms.kyonggi.ac.kr/local/ubmessage/messagedb56.php]
[lms.kyonggi.ac.kr/local/ubonline/course_view8df0.html]
[lms.kyonggi.ac.kr/user/files.php]
[lms.kyonggi.ac.kr/mod/ubboard/my.php]
[lms.kyonggi.ac.kr/user/editff5d.php]
[lms.kyonggi.ac.kr/user/user_edit6ddd.php]
[lms.kyonggi.ac.kr/local/ubeclass/my.php]
[lms.kyonggi.ac.kr/local/ubonline/course_viewb28f.html]
[lms.kyonggi.ac.kr/user/files.php]
[lms.kyonggi.ac.kr/mod/ubboard/my.php]
[lms.kyonggi.ac.kr/user/editff5d.php]
[lms.kyonggi.ac.kr/user/user_edit6ddd.php]
[lms.kyonggi.ac.kr/local/ubeclass/my.php]
[lms.kyonggi.ac.kr/local/ubonline/course_viewe0c5.html]
[lms.kyonggi.ac.kr/user/files.php]
[lms.kyonggi.ac.kr/mod/ubboard/my.php]
[lms.kyonggi.ac.kr/user/editff5d.php]
[lms.kyonggi.ac.kr/user/user_edit6ddd.php]
[lms.kyonggi.ac.kr/local/ubeclass/my.php]
[lms.kyonggi.ac.kr/local/ubonline/course_view4798.html]
[lms.kyonggi.ac.kr/user/files.php]
[lms.kyonggi.ac.kr/mod/ubboard/my.php]
[lms.kyonggi.ac.kr/user/editff5d.php]
[lms.kyonggi.ac.kr/user/user_edit6ddd.php]
[lms.kyonggi.ac.kr/local/ubeclass/my.php]
[lms.kyonggi.ac.kr/local/ubonline/course_view687e.html]
[lms.kyonggi.ac.kr/user/files.php]
[lms.kyonggi.ac.kr/mod/ubboard/my.php]
[lms.kyonggi.ac.kr/user/editff5d.php]
[lms.kyonggi.ac.kr/user/user_edit6ddd.php]
[lms.kyonggi.ac.kr/local/ubeclass/my.php]
[lms.kyonggi.ac.kr/local/ubmessage/message857f.php]
[lms.kyonggi.ac.kr/local/ubmessage/message8975.php]
[lms.kyonggi.ac.kr/local/ubonline/course_view9a21.html]
